Error: something failed
Warning: low memory
error: disk issue
info: all good
